ERR
#L'element geometrique nomme c1 n'existe pas.
OK
#Element ajoute: c1
OK
#Element ajoute: pl1
C c1 1 1 1
PL pl1 1 1 1 1 1 1 1 1
ERR
#L'element geometrique nomme pl2 n'existe pas.
C c1 1 1 1
PL pl1 1 1 1 1 1 1 1 1
OK
#Element ajoute: r1
OK
#Element ajoute: l1
C c1 1 1 1
L l1 1 1 1 1
PL pl1 1 1 1 1 1 1 1 1
R r1 1 1 1 1
ERR
#Parametres invalides
C c1 1 1 1
L l1 1 1 1 1
PL pl1 1 1 1 1 1 1 1 1
R r1 1 1 1 1
#Element c1 supprime
#Element pl1 supprime
OK
L l1 1 1 1 1
R r1 1 1 1 1
