OK
#Element ajoute: c1
C c1 1 1 1
#Element c1 supprime
OK
OK
#Element ajoute: r1
OK
#Element ajoute: l1
L l1 1 1 1 1
R r1 1 1 1 1
#Element r1 supprime
OK
L l1 1 1 1 1
#Element l1 supprime
OK
