OK
#Element ajoute: c1
OK
#Element ajoute: r1
OK
#Element ajoute: l1
OK
#Element ajoute: pl1
OK
#Element ajoute: oa1
OK
#Element ajoute: oa2
OK
#Element ajoute: oa3
OK
#Element ajoute: oa4
ERR
#Un element geometrique nomme oa2 existe deja
ERR
#Parametres invalides
ERR
#Parametres invalides
ERR
#Parametres invalides
