OK
#Element ajoute: c1
OK
#Element ajoute: pl1
C c1 1 1 1
PL pl1 1 1 1 1 1 1 1 1
#Element c1 supprime
#Element pl1 supprime
OK
OK
#Element ajoute: c1
OK
#Element ajoute: r1
OK
#Element ajoute: l1
OK
#Element ajoute: pl1
C c1 1 1 1
L l1 1 1 1 1
PL pl1 1 1 1 1 1 1
R r1 1 1 1 1
#Element r1 supprime
#Element l1 supprime
OK
C c1 1 1 1
PL pl1 1 1 1 1 1 1
#Element c1 supprime
#Element pl1 supprime
OK
