OK
#Element ajoute: c2
OK
#Element ajoute: r2
OK
#Element ajoute: l2
OK
#Fichier test16-1.txt cree.
OK
#Fichier charge
OK
#Fichier test16-2.txt cree.

