OK
#Element ajoute: c1
OK
#Element ajoute: r1
OK
#Element ajoute: oa1
#Element oa1 supprime
OK
C c1 1 1 1
R r1 1 1 1 1
OK
#Element ajoute: oa2
#Element c1 supprime
OK
OA oa2 r1
R r1 1 1 1 1
#Element r1 supprime
OK
OA oa2
