OK
#Element ajoute: c1
OK
#Element ajoute: c2
OK
#Element ajoute: c3
ERR
#Un element geometrique nomme c2 existe deja
ERR
#Parametres invalides
OK
#Element ajoute: c4
ERR
#Parametres invalides (Rayon negatif)
ERR
#Parametres invalides
ERR
#Parametres invalides
ERR
#Parametres invalides
